[pid 212049] write(2, "q:in:212049", 11q:in:212049) = 11
[pid 212048] write(2, "\t> ", 3 <unfinished ...>
[pid 212132] <... mmap resumed>)        = 0x7f0502907000
[pid 212049] write(2, ">", 1>	>  <unfinished ...>
[pid 212048] <... write resumed>)       = 3
[pid 212132] mmap(0x7f0502aaa000, 581632, PROT_READ, MAP_PRIVATE|MAP_FIXED|MAP_DENYWRITE, 3, 0x21b000 <unfinished ...>
[pid 212049] <... write resumed>)       = 1
[pid 212132] <... mmap resumed>)        = 0x7f0502aaa000
[pid 212049] write(2, " id ", 4 <unfinished ...>
[pid 212048] write(2, "id ", 3 id id  <unfinished ...>
[pid 212049] <... write resumed>)       = 4
[pid 212132] mmap(0x7f0502b38000, 188416, PROT_READ|PROT_WRITE, MAP_PRIVATE|MAP_FIXED|MAP_DENYWRITE, 3, 0x2a8000 <unfinished ...>
[pid 212048] <... write resumed>)       = 3
[pid 212048] write(2, "-1", 2 <unfinished ...>
[pid 212132] <... mmap resumed>)        = 0x7f0502b38000
[pid 212049] write(2, "0", 10)           = 1
[pid 212132] mmap(0x7f0502b66000, 16168, PROT_READ|PROT_WRITE, MAP_PRIVATE|MAP_FIXED|MAP_ANONYMOUS, -1, 0-1 <unfinished ...>
[pid 212049] write(2, ": <", 3 <unfinished ...>
[pid 212048] <... write resumed>)       = 2
: <[pid 212132] <... mmap resumed>)        = 0x7f0502b66000
[pid 212049] <... write resumed>)       = 3
[pid 212048] write(2, ": consumers", 11 <unfinished ...>
[pid 212049] write(2, "q:ping_in:212049", 16q:ping_in:212049: consumers <unfinished ...>
[pid 212132] close(3 <unfinished ...>
[pid 212049] <... write resumed>)       = 16
[pid 212048] <... write resumed>)       = 11
[pid 212048] write(2, " id ", 4 <unfinished ...>
[pid 212132] <... close resumed>)       = 0
[pid 212049] write(2, ">", 1>)           = 1
 id [pid 212048] <... write resumed>)       = 4
[pid 212132] mmap(NULL, 8192, PROT_READ|PROT_WRITE, MAP_PRIVATE|MAP_ANONYMOUS, -1, 0 <unfinished ...>
[pid 212049] write(2, "\n", 1
 <unfinished ...>
[pid 212048] write(2, "-1", 2 <unfinished ...>
[pid 212132] <... mmap resumed>)        = 0x7f0503195000
[pid 212049] <... write resumed>)       = 1
-1[pid 212132] mmap(NULL, 12288, PROT_READ|PROT_WRITE, MAP_PRIVATE|MAP_ANONYMOUS, -1, 0 <unfinished ...>
[pid 212049] recvfrom(3,  <unfinished ...>
[pid 212048] <... write resumed>)       = 2
[pid 212048] write(2, ": <", 3 <unfinished ...>
[pid 212132] <... mmap resumed>)        = 0x7f0503192000
[pid 212049] <... recvfrom resumed>"\1\0\1\0\0\0,\0<\0<\vq:in:212049\0\0\0\0\0\0\0\6\0"..., 131072, 0, NULL, NULL) = 92
[pid 212132] arch_prctl(ARCH_SET_FS, 0x7f0503192740: < <unfinished ...>
[pid 212049] sendto(3, "\1\0\1\0\0\0\r\0<\0P\0\0\0\0\0\0\0\6\0\316", 21, MSG_NOSIGNAL, NULL, 0 <unfinished ...>
[pid 212048] <... write resumed>)       = 3
[pid 212132] <... arch_prctl resumed>)  = 0
[pid 212048] write(2, "q:out:212049", 12 <unfinished ...>
[pid 212132] set_tid_address(0x7f0503192a10 <unfinished ...>
[pid 212049] <... sendto resumed>)      = 21
q:out:212049[pid 212048] <... write resumed>)       = 12
[pid 212132] <... set_tid_address resumed>) = 212132
[pid 212049] write(2, "worker ", 7worker  <unfinished ...>
[pid 212048] write(2, ">", 1 <unfinished ...>
[pid 212132] set_robust_list(0x7f0503192a20, 24 <unfinished ...>
[pid 212049] <... write resumed>)       = 7
>[pid 212048] <... write resumed>)       = 1
[pid 212132] <... set_robust_list resumed>) = 0
[pid 212049] write(2, "212049", 6212049)      = 6
[pid 212132] mprotect(0x7f0502f24000, 16384, PROT_READ <unfinished ...>
[pid 212049] write(2, ": got message: ", 15 <unfinished ...>
[pid 212048] write(2, " id ", 4: got message:  id  <unfinished ...>
[pid 212132] <... mprotect resumed>)    = 0
[pid 212049] <... write resumed>)       = 15
[pid 212048] <... write resumed>)       = 4
[pid 212049] write(2, "1 1 212132", 101 1 212132 <unfinished ...>
[pid 212132] mprotect(0x7f0502b38000, 180224, PROT_READ <unfinished ...>
[pid 212049] <... write resumed>)       = 10
[pid 212048] write(2, "-1", 2-1)          = 2
[pid 212132] <... mprotect resumed>)    = 0
[pid 212049] write(2, "\n", 1
 <unfinished ...>
[pid 212048] write(2, ": <", 3 <unfinished ...>
[pid 212049] <... write resumed>)       = 1
: <[pid 212048] <... write resumed>)       = 3
[pid 212049] write(2, "worker ", 7worker  <unfinished ...>
[pid 212048] write(2, "q:ping_out:212049", 17 <unfinished ...>
[pid 212049] <... write resumed>)       = 7
q:ping_out:212049[pid 212048] <... write resumed>)       = 17
[pid 212049] write(2, "212049", 6212049 <unfinished ...>
[pid 212048] write(2, ">", 1 <unfinished ...>
[pid 212049] <... write resumed>)       = 6
[pid 212132] mprotect(0x7f0502bfa000, 36864, PROT_READ> <unfinished ...>
[pid 212049] write(2, ": and it's to id = ", 19 <unfinished ...>
[pid 212048] <... write resumed>)       = 1
: and it's to id = [pid 212132] <... mprotect resumed>)    = 0
[pid 212049] <... write resumed>)       = 19
[pid 212048] write(2, "\n", 1
)          = 1
[pid 212132] mprotect(0x7f0502ce9000, 4096, PROT_READ <unfinished ...>
[pid 212049] write(2, "1", 11 <unfinished ...>
[pid 212048] recvfrom(3,  <unfinished ...>
[pid 212132] <... mprotect resumed>)    = 0
[pid 212049] <... write resumed>)       = 1
[pid 212048] <... recvfrom resumed>0x55ebeb036790, 131072, 0, NULL, NULL) = -1 EAGAIN (Ресурс временно недоступен)
[pid 212132] mprotect(0x7f0502d07000, 4096, PROT_READ <unfinished ...>
[pid 212049] write(2, "\n", 1 <unfinished ...>

[pid 212048] poll([{fd=3, events=POLLIN}], 1, 99 <unfinished ...>
[pid 212049] <... write resumed>)       = 1
[pid 212132] <... mprotect resumed>)    = 0
[pid 212049] write(2, "and it's attach, so I will attac"..., 36 <unfinished ...>
[pid 212132] mprotect(0x7f0502f4f000, 4096, PROT_READ) = 0
[pid 212132] mprotect(0x7f050315f000, 45056, PROT_READ) = 0
[pid 212132] mprotect(0x7f0503190000, 4096, PROT_READ) = 0
[pid 212132] mprotect(0x7f05031ec000, 8192, PROT_READ) = 0
[pid 212132] mprotect(0x55b5fc097000, 4096, PROT_READ) = 0
[pid 212132] mprotect(0x7f0503222000, 8192, PROT_READ) = 0
[pid 212132] prlimit64(0, RLIMIT_STACK, NULL, {rlim_cur=8192*1024, rlim_max=RLIM64_INFINITY}) = 0
[pid 212132] munmap(0x7f0503177000, 63963) = 0
[pid 212132] getrandom("\x62\x47\x91\xe7\xb4\x76\xd9\x65", 8, GRND_NONBLOCK) = 8
[pid 212132] brk(NULL)                  = 0x55b5fc1c4000
[pid 212132] brk(0x55b5fc1e5000)        = 0x55b5fc1e5000
[pid 212132] futex(0x7f050316d6fc, FUTEX_WAKE_PRIVATE, 2147483647) = 0
[pid 212132] futex(0x7f050316d708, FUTEX_WAKE_PRIVATE, 2147483647) = 0
[pid 212132] getpid()                   = 212132
[pid 212132] write(2, "worker ", 7worker )     = 7
[pid 212132] write(2, "212132", 6212132)      = 6
[pid 212132] write(2, ": got id = ", 11: got id = ) = 11
[pid 212132] write(2, "1", 11)           = 1
[pid 212132] write(2, "\n", 1
)          = 1
[pid 212132] brk(0x55b5fc207000)        = 0x55b5fc207000
[pid 212132] socket(AF_UNIX, SOCK_STREAM|SOCK_CLOEXEC|SOCK_NONBLOCK, 0) = 3
[pid 212132] connect(3, {sa_family=AF_UNIX, sun_path="/var/run/nscd/socket"}, 110) = -1 ENOENT (Нет такого файла или каталога)
[pid 212132] close(3)                   = 0
[pid 212132] socket(AF_UNIX, SOCK_STREAM|SOCK_CLOEXEC|SOCK_NONBLOCK, 0) = 3
[pid 212132] connect(3, {sa_family=AF_UNIX, sun_path="/var/run/nscd/socket"}, 110) = -1 ENOENT (Нет такого файла или каталога)
[pid 212132] close(3)                   = 0
[pid 212132] newfstatat(AT_FDCWD, "/etc/nsswitch.conf", {st_mode=S_IFREG|0644, st_size=542, ...}, 0) = 0
[pid 212132] newfstatat(AT_FDCWD, "/", and it's attach, so I will attach it{st_mode=S_IFDIR|0755, st_size=4096, ...}, 0) = 0
[pid 212049] <... write resumed>)       = 36
[pid 212132] openat(AT_FDCWD, "/etc/nsswitch.conf", O_RDONLY|O_CLOEXEC) = 3
[pid 212049] write(2, "\n", 1
 <unfinished ...>
[pid 212132] newfstatat(3, "",  <unfinished ...>
[pid 212049] <... write resumed>)       = 1
[pid 212132] <... newfstatat resumed>{st_mode=S_IFREG|0644, st_size=542, ...}, AT_EMPTY_PATH) = 0
[pid 212049] brk(0x56238569f000)        = 0x56238569f000
[pid 212132] brk(0x55b5fc228000)        = 0x55b5fc228000
[pid 212049] newfstatat(AT_FDCWD, "/etc/nsswitch.conf",  <unfinished ...>
[pid 212132] read(3,  <unfinished ...>
[pid 212049] <... newfstatat resumed>{st_mode=S_IFREG|0644, st_size=542, ...}, 0) = 0
[pid 212132] <... read resumed>"# /etc/nsswitch.conf\n#\n# Example"..., 4096) = 542
[pid 212049] newfstatat(AT_FDCWD, "/etc/resolv.conf",  <unfinished ...>
[pid 212132] read(3,  <unfinished ...>
[pid 212049] <... newfstatat resumed>{st_mode=S_IFREG|0644, st_size=920, ...}, 0) = 0
[pid 212132] <... read resumed>"", 4096) = 0
[pid 212049] openat(AT_FDCWD, "/etc/hosts", O_RDONLY|O_CLOEXEC <unfinished ...>
[pid 212132] newfstatat(3, "", {st_mode=S_IFREG|0644, st_size=542, ...}, AT_EMPTY_PATH) = 0
[pid 212049] <... openat resumed>)      = 4
[pid 212132] close(3 <unfinished ...>
[pid 212049] newfstatat(4, "",  <unfinished ...>
[pid 212132] <... close resumed>)       = 0
[pid 212049] <... newfstatat resumed>{st_mode=S_IFREG|0644, st_size=217, ...}, AT_EMPTY_PATH) = 0
[pid 212132] newfstatat(AT_FDCWD, "/etc/resolv.conf", {st_mode=S_IFREG|0644, st_size=920, ...}, 0) = 0
[pid 212049] lseek(4, 0, SEEK_SET)      = 0
[pid 212132] openat(AT_FDCWD, "/etc/host.conf", O_RDONLY|O_CLOEXEC <unfinished ...>
[pid 212049] read(4, "127.0.0.1\tlocalhost\n127.0.1.1\tgg"..., 4096) = 217
[pid 212132] <... openat resumed>)      = 3
[pid 212132] newfstatat(3, "",  <unfinished ...>
[pid 212049] read(4,  <unfinished ...>
[pid 212132] <... newfstatat resumed>{st_mode=S_IFREG|0644, st_size=92, ...}, AT_EMPTY_PATH) = 0
[pid 212049] <... read resumed>"", 4096) = 0
[pid 212132] read(3,  <unfinished ...>
[pid 212049] close(4 <unfinished ...>
[pid 212132] <... read resumed>"# The \"order\" line is only used "..., 4096) = 92
[pid 212049] <... close resumed>)       = 0
[pid 212132] read(3,  <unfinished ...>
[pid 212049] socket(AF_INET, SOCK_STREAM, IPPROTO_TCP <unfinished ...>
[pid 212132] <... read resumed>"", 4096) = 0
[pid 212049] <... socket resumed>)      = 4
[pid 212132] close(3 <unfinished ...>
[pid 212049] fcntl(4, F_GETFD <unfinished ...>
[pid 212132] <... close resumed>)       = 0
[pid 212049] <... fcntl resumed>)       = 0
[pid 212132] futex(0x7f0502f3132c, FUTEX_WAKE_PRIVATE, 2147483647 <unfinished ...>
[pid 212049] fcntl(4, F_SETFD, FD_CLOEXEC <unfinished ...>
[pid 212132] <... futex resumed>)       = 0
[pid 212049] <... fcntl resumed>)       = 0
[pid 212132] openat(AT_FDCWD, "/etc/resolv.conf", O_RDONLY|O_CLOEXEC <unfinished ...>
[pid 212049] fcntl(4, F_GETFL)          = 0x2 (flags O_RDWR)
[pid 212132] <... openat resumed>)      = 3
[pid 212132] newfstatat(3, "",  <unfinished ...>
[pid 212049] fcntl(4, F_SETFL, O_RDWR|O_NONBLOCK <unfinished ...>
[pid 212132] <... newfstatat resumed>{st_mode=S_IFREG|0644, st_size=920, ...}, AT_EMPTY_PATH) = 0
[pid 212049] <... fcntl resumed>)       = 0
[pid 212132] read(3,  <unfinished ...>
[pid 212049] setsockopt(4, SOL_TCP, TCP_NODELAY, [1], 4 <unfinished ...>
[pid 212132] <... read resumed>"# This is /run/systemd/resolve/s"..., 4096) = 920
[pid 212049] <... setsockopt resumed>)  = 0
[pid 212132] read(3,  <unfinished ...>
[pid 212049] setsockopt(4, SOL_SOCKET, SO_KEEPALIVE, [1], 4 <unfinished ...>
[pid 212132] <... read resumed>"", 4096) = 0
[pid 212049] <... setsockopt resumed>)  = 0
[pid 212132] newfstatat(3, "",  <unfinished ...>
[pid 212049] connect(4, {sa_family=AF_INET, sin_port=htons(5672), sin_addr=inet_addr("127.0.0.1")}, 16 <unfinished ...>
[pid 212132] <... newfstatat resumed>{st_mode=S_IFREG|0644, st_size=920, ...}, AT_EMPTY_PATH) = 0
[pid 212132] close(3 <unfinished ...>
[pid 212049] <... connect resumed>)     = -1 EINPROGRESS (Операция выполняется в данный момент)
[pid 212132] <... close resumed>)       = 0
[pid 212049] poll([{fd=4, events=POLLOUT}], 1, -1 <unfinished ...>
[pid 212132] openat(AT_FDCWD, "/etc/hosts", O_RDONLY|O_CLOEXEC <unfinished ...>
[pid 212049] <... poll resumed>)        = 1 ([{fd=4, revents=POLLOUT}])
[pid 212049] getsockopt(4, SOL_SOCKET, SO_ERROR,  <unfinished ...>
[pid 212132] <... openat resumed>)      = 3
[pid 212049] <... getsockopt resumed>[0], [4]) = 0
[pid 212132] newfstatat(3, "", {st_mode=S_IFREG|0644, st_size=217, ...}, AT_EMPTY_PATH) = 0
[pid 212049] sendto(4, "AMQP\0\0\t\1", 8, MSG_NOSIGNAL, NULL, 0 <unfinished ...>
[pid 212132] lseek(3, 0, SEEK_SET)      = 0
[pid 212049] <... sendto resumed>)      = 8
[pid 212132] read(3,  <unfinished ...>
[pid 212049] recvfrom(4,  <unfinished ...>
[pid 212132] <... read resumed>"127.0.0.1\tlocalhost\n127.0.1.1\tgg"..., 4096) = 217
[pid 212049] <... recvfrom resumed>"\1\0\0\0\0\1\357\0\n\0\n\0\t\0\0\1\312\fcapabilitiesF\0"..., 131072, 0, NULL, NULL) = 503
[pid 212132] read(3,  <unfinished ...>
[pid 212049] brk(0x5623856cf000 <unfinished ...>
[pid 212132] <... read resumed>"", 4096) = 0
[pid 212049] <... brk resumed>)         = 0x5623856cf000
[pid 212132] close(3 <unfinished ...>
[pid 212049] sendto(4, "\1\0\0\0\0\1]\0\n\0\v\0\0\0015\7productS\0\0\0\nrabb"..., 357, MSG_NOSIGNAL, NULL, 0 <unfinished ...>
[pid 212132] <... close resumed>)       = 0
[pid 212132] socket(AF_INET, SOCK_STREAM, IPPROTO_TCP <unfinished ...>
[pid 212049] <... sendto resumed>)      = 357
[pid 212049] recvfrom(4,  <unfinished ...>
[pid 212132] <... socket resumed>)      = 3
[pid 212132] fcntl(3, F_GETFD <unfinished ...>
[pid 212049] <... recvfrom resumed>"\1\0\0\0\0\0\f\0\n\0\36\7\377\0\2\0\0\0<\316", 131072, 0, NULL, NULL) = 20
[pid 212132] <... fcntl resumed>)       = 0
[pid 212132] fcntl(3, F_SETFD, FD_CLOEXEC <unfinished ...>
[pid 212049] sendto(4, "\1\0\0\0\0\0\f\0\n\0\37\7\377\0\2\0\0\0\0\316", 20, MSG_NOSIGNAL, NULL, 0 <unfinished ...>
[pid 212132] <... fcntl resumed>)       = 0
[pid 212132] fcntl(3, F_GETFL <unfinished ...>
[pid 212049] <... sendto resumed>)      = 20
[pid 212132] <... fcntl resumed>)       = 0x2 (flags O_RDWR)
[pid 212049] sendto(4, "\1\0\0\0\0\0\16\0\n\0(\7myvhost\0\1\316", 22, MSG_NOSIGNAL, NULL, 0 <unfinished ...>
[pid 212132] fcntl(3, F_SETFL, O_RDWR|O_NONBLOCK) = 0
[pid 212049] <... sendto resumed>)      = 22
[pid 212132] setsockopt(3, SOL_TCP, TCP_NODELAY, [1], 4 <unfinished ...>
[pid 212049] recvfrom(4,  <unfinished ...>
[pid 212132] <... setsockopt resumed>)  = 0
[pid 212049] <... recvfrom resumed>"\1\0\0\0\0\0\5\0\n\0)\0\316", 131072, 0, NULL, NULL) = 13
[pid 212132] setsockopt(3, SOL_SOCKET, SO_KEEPALIVE, [1], 4) = 0
[pid 212049] sendto(3, "\1\0\0\0\0\0\16\0\n\0002\0\310\003200\0\0\0\0\316", 22, MSG_NOSIGNAL, NULL, 0 <unfinished ...>
[pid 212132] connect(3, {sa_family=AF_INET, sin_port=htons(5672), sin_addr=inet_addr("127.0.0.1")}, 16 <unfinished ...>
[pid 212049] <... sendto resumed>)      = 22
[pid 212049] recvfrom(3,  <unfinished ...>
[pid 212132] <... connect resumed>)     = -1 EINPROGRESS (Операция выполняется в данный момент)
[pid 212049] <... recvfrom resumed>"\1\0\0\0\0\0\4\0\n\0003\316", 131072, 0, NULL, NULL) = 12
[pid 212132] poll([{fd=3, events=POLLOUT}], 1, -1 <unfinished ...>
[pid 212049] munmap(0x7f8861d55000, 135168 <unfinished ...>
[pid 212132] <... poll resumed>)        = 1 ([{fd=3, revents=POLLOUT}])
[pid 212049] <... munmap resumed>)      = 0
[pid 212132] getsockopt(3, SOL_SOCKET, SO_ERROR,  <unfinished ...>
[pid 212049] munmap(0x7f8861d34000, 135168 <unfinished ...>
[pid 212132] <... getsockopt resumed>[0], [4]) = 0
[pid 212049] <... munmap resumed>)      = 0
[pid 212049] munmap(0x7f8861d13000, 135168 <unfinished ...>
[pid 212132] sendto(3, "AMQP\0\0\t\1", 8, MSG_NOSIGNAL, NULL, 0 <unfinished ...>
[pid 212049] <... munmap resumed>)      = 0
[pid 212049] munmap(0x7f8861d76000, 135168 <unfinished ...>
[pid 212132] <... sendto resumed>)      = 8
[pid 212049] <... munmap resumed>)      = 0
[pid 212049] close(3 <unfinished ...>
[pid 212132] recvfrom(3,  <unfinished ...>
[pid 212049] <... close resumed>)       = 0
[pid 212132] <... recvfrom resumed>"\1\0\0\0\0\1\357\0\n\0\n\0\t\0\0\1\312\fcapabilitiesF\0"..., 131072, 0, NULL, NULL) = 503
[pid 212049] sendto(4, "\1\0\1\0\0\0\5\0\24\0\n\0\316", 13, MSG_NOSIGNAL, NULL, 0 <unfinished ...>
[pid 212132] sendto(3, "\1\0\0\0\0\1]\0\n\0\v\0\0\0015\7productS\0\0\0\nrabb"..., 357, MSG_NOSIGNAL, NULL, 0) = 357
[pid 212049] <... sendto resumed>)      = 13
[pid 212132] recvfrom(3,  <unfinished ...>
[pid 212049] recvfrom(4,  <unfinished ...>
[pid 212132] <... recvfrom resumed>"\1\0\0\0\0\0\f\0\n\0\36\7\377\0\2\0\0\0<\316", 131072, 0, NULL, NULL) = 20
[pid 212049] <... recvfrom resumed>"\1\0\1\0\0\0\10\0\24\0\v\0\0\0\0\316", 131072, 0, NULL, NULL) = 16
[pid 212132] mmap(NULL, 135168, PROT_READ|PROT_WRITE, MAP_PRIVATE|MAP_ANONYMOUS, -1, 0 <unfinished ...>
[pid 212049] sendto(4, "\1\0\1\0\0\0\5\0U\0\n\0\316", 13, MSG_NOSIGNAL, NULL, 0 <unfinished ...>
[pid 212132] <... mmap resumed>)        = 0x7f050286e000
[pid 212132] sendto(3, "\1\0\0\0\0\0\f\0\n\0\37\7\377\0\2\0\0\0\0\316", 20, MSG_NOSIGNAL, NULL, 0 <unfinished ...>
[pid 212049] <... sendto resumed>)      = 13
[pid 212132] <... sendto resumed>)      = 20
[pid 212049] recvfrom(4,  <unfinished ...>
[pid 212132] sendto(3, "\1\0\0\0\0\0\16\0\n\0(\7myvhost\0\1\316", 22, MSG_NOSIGNAL, NULL, 0 <unfinished ...>
[pid 212049] <... recvfrom resumed>"\1\0\1\0\0\0\4\0U\0\v\316", 131072, 0, NULL, NULL) = 12
[pid 212132] <... sendto resumed>)      = 22
[pid 212049] sendto(4, "\1\0\1\0\0\0\33\0(\0\n\0\0\10e:212132\6direct\0\0\0"..., 35, MSG_NOSIGNAL, NULL, 0 <unfinished ...>
[pid 212132] recvfrom(3,  <unfinished ...>
[pid 212049] <... sendto resumed>)      = 35
[pid 212132] <... recvfrom resumed>"\1\0\0\0\0\0\5\0\n\0)\0\316", 131072, 0, NULL, NULL) = 13
[pid 212049] recvfrom(4,  <unfinished ...>
[pid 212132] sendto(3, "\1\0\1\0\0\0\5\0\24\0\n\0\316", 13, MSG_NOSIGNAL, NULL, 0 <unfinished ...>
[pid 212049] <... recvfrom resumed>"\1\0\1\0\0\0\4\0(\0\v\316", 131072, 0, NULL, NULL) = 12
[pid 212132] <... sendto resumed>)      = 13
[pid 212049] sendto(4, "\1\0\1\0\0\0\30\0002\0\n\0\0\fq:out:212132\0\0\0\0\0\316", 32, MSG_NOSIGNAL, NULL, 0 <unfinished ...>
[pid 212132] recvfrom(3, "\1\0\1\0\0\0\10\0\24\0\v\0\0\0\0\316", 131072, 0, NULL, NULL) = 16
[pid 212049] <... sendto resumed>)      = 32
[pid 212132] mmap(NULL, 135168, PROT_READ|PROT_WRITE, MAP_PRIVATE|MAP_ANONYMOUS, -1, 0 <unfinished ...>
[pid 212049] recvfrom(4,  <unfinished ...>
[pid 212132] <... mmap resumed>)        = 0x7f050284d000
[pid 212049] <... recvfrom resumed>"\1\0\1\0\0\0\31\0002\0\v\fq:out:212132\0\0\0\0\0\0\0\0"..., 131072, 0, NULL, NULL) = 33
[pid 212132] sendto(3, "\1\0\1\0\0\0\5\0U\0\n\0\316", 13, MSG_NOSIGNAL, NULL, 0 <unfinished ...>
[pid 212049] sendto(4, "\1\0\1\0\0\0,\0002\0\24\0\0\fq:out:212132\10e:212"..., 52, MSG_NOSIGNAL, NULL, 0 <unfinished ...>
[pid 212132] <... sendto resumed>)      = 13
[pid 212049] <... sendto resumed>)      = 52
[pid 212132] recvfrom(3,  <unfinished ...>
[pid 212049] recvfrom(4,  <unfinished ...>
[pid 212132] <... recvfrom resumed>0x55b5fc1e6790, 131072, 0, NULL, NULL) = -1 EAGAIN (Ресурс временно недоступен)
[pid 212049] <... recvfrom resumed>0x56238567ec50, 131072, 0, NULL, NULL) = -1 EAGAIN (Ресурс временно недоступен)
[pid 212132] poll([{fd=3, events=POLLIN}], 1, -1 <unfinished ...>
[pid 212049] poll([{fd=4, events=POLLIN}], 1, -1 <unfinished ...>
[pid 212132] <... poll resumed>)        = 1 ([{fd=3, revents=POLLIN}])
[pid 212132] recvfrom(3, "\1\0\1\0\0\0\4\0U\0\v\316", 131072, 0, NULL, NULL) = 12
[pid 212132] sendto(3, "\1\0\1\0\0\0\33\0(\0\n\0\0\10e:212132\6direct\0\0\0"..., 35, MSG_NOSIGNAL, NULL, 0) = 35
[pid 212132] recvfrom(3, 0x55b5fc1e6790, 131072, 0, NULL, NULL) = -1 EAGAIN (Ресурс временно недоступен)
[pid 212132] poll([{fd=3, events=POLLIN}], 1, -1) = 1 ([{fd=3, revents=POLLIN}])
[pid 212132] recvfrom(3, "\1\0\1\0\0\0\4\0(\0\v\316", 131072, 0, NULL, NULL) = 12
[pid 212132] sendto(3, "\1\0\1\0\0\0\27\0002\0\n\0\0\vq:in:212132\0\0\0\0\0\316", 31, MSG_NOSIGNAL, NULL, 0) = 31
[pid 212132] recvfrom(3, 0x55b5fc1e6790, 131072, 0, NULL, NULL) = -1 EAGAIN (Ресурс временно недоступен)
[pid 212132] poll([{fd=3, events=POLLIN}], 1, -1 <unfinished ...>
[pid 212049] <... poll resumed>)        = 1 ([{fd=4, revents=POLLIN}])
[pid 212049] recvfrom(4, "\1\0\1\0\0\0\4\0002\0\25\316", 131072, 0, NULL, NULL) = 12
[pid 212049] write(2, "id ", 3id )         = 3
[pid 212132] <... poll resumed>)        = 1 ([{fd=3, revents=POLLIN}])
[pid 212049] write(2, "0", 10 <unfinished ...>
[pid 212132] recvfrom(3,  <unfinished ...>
[pid 212049] <... write resumed>)       = 1
[pid 212132] <... recvfrom resumed>"\1\0\1\0\0\0\30\0002\0\v\vq:in:212132\0\0\0\0\0\0\0\0\316", 131072, 0, NULL, NULL) = 32
[pid 212049] write(2, ": creating consumer: <", 22: creating consumer: < <unfinished ...>
[pid 212132] sendto(3, "\1\0\1\0\0\0*\0002\0\24\0\0\vq:in:212132\10e:2121"..., 50, MSG_NOSIGNAL, NULL, 0 <unfinished ...>
[pid 212049] <... write resumed>)       = 22
[pid 212132] <... sendto resumed>)      = 50
[pid 212049] write(2, "q:out:212132", 12q:out:212132 <unfinished ...>
[pid 212132] recvfrom(3,  <unfinished ...>
[pid 212049] <... write resumed>)       = 12
[pid 212132] <... recvfrom resumed>"\1\0\1\0\0\0\4\0002\0\25\316", 131072, 0, NULL, NULL) = 12
[pid 212049] write(2, ">", 1> <unfinished ...>
[pid 212132] write(2, "id ", 3 <unfinished ...>
[pid 212049] <... write resumed>)       = 1
id [pid 212132] <... write resumed>)       = 3
[pid 212049] write(2, " in consumer_tag[", 17 <unfinished ...>
 in consumer_tag[[pid 212132] write(2, "1", 1 <unfinished ...>
[pid 212049] <... write resumed>)       = 17
1[pid 212132] <... write resumed>)       = 1
[pid 212049] write(2, "1", 11 <unfinished ...>
[pid 212132] write(2, ": creating consumer: <", 22 <unfinished ...>
[pid 212049] <... write resumed>)       = 1
: creating consumer: <[pid 212132] <... write resumed>)       = 22
[pid 212049] write(2, "][", 2][ <unfinished ...>
[pid 212132] write(2, "q:in:212132", 11 <unfinished ...>
[pid 212049] <... write resumed>)       = 2
q:in:212132[pid 212132] <... write resumed>)       = 11
[pid 212049] write(2, "0", 10 <unfinished ...>
[pid 212132] write(2, ">", 1 <unfinished ...>
[pid 212049] <... write resumed>)       = 1
>[pid 212132] <... write resumed>)       = 1
[pid 212049] write(2, "]\n", 2]
 <unfinished ...>
[pid 212132] write(2, " in consumer_tag[", 17 <unfinished ...>
[pid 212049] <... write resumed>)       = 2
 in consumer_tag[[pid 212132] <... write resumed>)       = 17
[pid 212049] sendto(4, "\1\0\1\0\0\0\v\0<\0\n\0\0\0\0\0\0\1\316", 19, MSG_NOSIGNAL, NULL, 0 <unfinished ...>
[pid 212132] write(2, "2", 12)           = 1
[pid 212049] <... sendto resumed>)      = 19
[pid 212132] write(2, "][", 2 <unfinished ...>
[pid 212049] recvfrom(4, ][ <unfinished ...>
[pid 212132] <... write resumed>)       = 2
[pid 212049] <... recvfrom resumed>"\1\0\1\0\0\0\4\0<\0\v\316", 131072, 0, NULL, NULL) = 12
[pid 212132] write(2, "0", 10 <unfinished ...>
[pid 212049] sendto(4, "\1\0\1\0\0\0%\0<\0\24\0\0\fq:out:212132\fq:out"..., 45, MSG_NOSIGNAL, NULL, 0 <unfinished ...>
[pid 212132] <... write resumed>)       = 1
[pid 212049] <... sendto resumed>)      = 45
[pid 212132] write(2, "]\n", 2]
 <unfinished ...>
[pid 212049] recvfrom(4,  <unfinished ...>
[pid 212132] <... write resumed>)       = 2
[pid 212049] <... recvfrom resumed>0x56238567ec50, 131072, 0, NULL, NULL) = -1 EAGAIN (Ресурс временно недоступен)
[pid 212132] sendto(3, "\1\0\1\0\0\0\v\0<\0\n\0\0\0\0\0\0\1\316", 19, MSG_NOSIGNAL, NULL, 0 <unfinished ...>
[pid 212049] poll([{fd=4, events=POLLIN}], 1, -1 <unfinished ...>
[pid 212132] <... sendto resumed>)      = 19
[pid 212049] <... poll resumed>)        = 1 ([{fd=4, revents=POLLIN}])
[pid 212132] recvfrom(3,  <unfinished ...>
[pid 212049] recvfrom(4,  <unfinished ...>
[pid 212132] <... recvfrom resumed>"\1\0\1\0\0\0\4\0<\0\v\316", 131072, 0, NULL, NULL) = 12
[pid 212049] <... recvfrom resumed>"\1\0\1\0\0\0\21\0<\0\25\fq:out:212132\316", 131072, 0, NULL, NULL) = 25
[pid 212132] sendto(3, "\1\0\1\0\0\0#\0<\0\24\0\0\vq:in:212132\vq:in:2"..., 43, MSG_NOSIGNAL, NULL, 0) = 43
[pid 212049] sendto(4, "\1\0\2\0\0\0\5\0\24\0\n\0\316", 13, MSG_NOSIGNAL, NULL, 0 <unfinished ...>
[pid 212132] recvfrom(3, 0x55b5fc1e6790, 131072, 0, NULL, NULL) = -1 EAGAIN (Ресурс временно недоступен)
[pid 212049] <... sendto resumed>)      = 13
[pid 212132] poll([{fd=3, events=POLLIN}], 1, -1 <unfinished ...>
[pid 212049] recvfrom(4,  <unfinished ...>
[pid 212132] <... poll resumed>)        = 1 ([{fd=3, revents=POLLIN}])
[pid 212132] recvfrom(3, "\1\0\1\0\0\0\20\0<\0\25\vq:in:212132\316", 131072, 0, NULL, NULL) = 24
[pid 212132] sendto(3, "\1\0\2\0\0\0\5\0\24\0\n\0\316", 13, MSG_NOSIGNAL, NULL, 0) = 13
[pid 212132] recvfrom(3, 0x55b5fc1e6790, 131072, 0, NULL, NULL) = -1 EAGAIN (Ресурс временно недоступен)
[pid 212132] poll([{fd=3, events=POLLIN}], 1, -1 <unfinished ...>
[pid 212049] <... recvfrom resumed>"\1\0\2\0\0\0\10\0\24\0\v\0\0\0\0\316", 131072, 0, NULL, NULL) = 16
[pid 212049] sendto(4, "\1\0\2\0\0\0\5\0U\0\n\0\316", 13, MSG_NOSIGNAL, NULL, 0) = 13
[pid 212049] recvfrom(4, "\1\0\2\0\0\0\4\0U\0\v\316", 131072, 0, NULL, NULL) = 12
[pid 212049] sendto(4, "\1\0\2\0\0\0\27\0002\0\n\0\0\vq:in:212132\0\0\0\0\0\316", 31, MSG_NOSIGNAL, NULL, 0) = 31
[pid 212049] recvfrom(4,  <unfinished ...>
[pid 212132] <... poll resumed>)        = 1 ([{fd=3, revents=POLLIN}])
[pid 212049] <... recvfrom resumed>0x56238567ec50, 131072, 0, NULL, NULL) = -1 EAGAIN (Ресурс временно недоступен)
[pid 212132] recvfrom(3, "\1\0\2\0\0\0\10\0\24\0\v\0\0\0\0\316", 131072, 0, NULL, NULL) = 16
[pid 212049] poll([{fd=4, events=POLLIN}], 1, -1 <unfinished ...>
[pid 212132] mmap(NULL, 135168, PROT_READ|PROT_WRITE, MAP_PRIVATE|MAP_ANONYMOUS, -1, 0 <unfinished ...>
[pid 212049] <... poll resumed>)        = 1 ([{fd=4, revents=POLLIN}])
[pid 212132] <... mmap resumed>)        = 0x7f050282c000
[pid 212049] recvfrom(4,  <unfinished ...>
[pid 212132] sendto(3, "\1\0\2\0\0\0\5\0U\0\n\0\316", 13, MSG_NOSIGNAL, NULL, 0 <unfinished ...>
[pid 212049] <... recvfrom resumed>"\1\0\2\0\0\0\30\0002\0\v\vq:in:212132\0\0\0\0\0\0\0\1\316", 131072, 0, NULL, NULL) = 32
[pid 212132] <... sendto resumed>)      = 13
[pid 212049] sendto(4, "\1\0\2\0\0\0*\0002\0\24\0\0\vq:in:212132\10e:2121"..., 50, MSG_NOSIGNAL, NULL, 0 <unfinished ...>
[pid 212132] recvfrom(3,  <unfinished ...>
[pid 212049] <... sendto resumed>)      = 50
[pid 212132] <... recvfrom resumed>0x55b5fc1e6790, 131072, 0, NULL, NULL) = -1 EAGAIN (Ресурс временно недоступен)
[pid 212132] poll([{fd=3, events=POLLIN}], 1, -1 <unfinished ...>
[pid 212049] recvfrom(4,  <unfinished ...>
[pid 212132] <... poll resumed>)        = 1 ([{fd=3, revents=POLLIN}])
[pid 212049] <... recvfrom resumed>0x56238567ec50, 131072, 0, NULL, NULL) = -1 EAGAIN (Ресурс временно недоступен)
[pid 212132] recvfrom(3,  <unfinished ...>
[pid 212049] poll([{fd=4, events=POLLIN}], 1, -1 <unfinished ...>
[pid 212132] <... recvfrom resumed>"\1\0\2\0\0\0\4\0U\0\v\316", 131072, 0, NULL, NULL) = 12
[pid 212049] <... poll resumed>)        = 1 ([{fd=4, revents=POLLIN}])
[pid 212132] sendto(3, "\1\0\2\0\0\0\30\0002\0\n\0\0\fq:out:212132\0\0\0\0\0\316", 32, MSG_NOSIGNAL, NULL, 0 <unfinished ...>
[pid 212049] recvfrom(4,  <unfinished ...>
[pid 212132] <... sendto resumed>)      = 32
[pid 212049] <... recvfrom resumed>"\1\0\2\0\0\0\4\0002\0\25\316", 131072, 0, NULL, NULL) = 12
[pid 212132] recvfrom(3, 0x55b5fc1e6790, 131072, 0, NULL, NULL) = -1 EAGAIN (Ресурс временно недоступен)
[pid 212049] sendto(4, "\1\0\2\0\0\0\35\0002\0\n\0\0\21q:ping_out:212132\0"..., 37, MSG_NOSIGNAL, NULL, 0 <unfinished ...>
[pid 212132] poll([{fd=3, events=POLLIN}], 1, -1 <unfinished ...>
[pid 212049] <... sendto resumed>)      = 37
[pid 212132] <... poll resumed>)        = 1 ([{fd=3, revents=POLLIN}])
[pid 212049] recvfrom(4,  <unfinished ...>
[pid 212132] recvfrom(3,  <unfinished ...>
[pid 212049] <... recvfrom resumed>0x56238567ec50, 131072, 0, NULL, NULL) = -1 EAGAIN (Ресурс временно недоступен)
[pid 212132] <... recvfrom resumed>"\1\0\2\0\0\0\31\0002\0\v\fq:out:212132\0\0\0\0\0\0\0\1"..., 131072, 0, NULL, NULL) = 33
[pid 212049] poll([{fd=4, events=POLLIN}], 1, -1 <unfinished ...>
[pid 212132] sendto(3, "\1\0\2\0\0\0,\0002\0\24\0\0\fq:out:212132\10e:212"..., 52, MSG_NOSIGNAL, NULL, 0) = 52
[pid 212132] recvfrom(3, 0x55b5fc1e6790, 131072, 0, NULL, NULL) = -1 EAGAIN (Ресурс временно недоступен)
[pid 212132] poll([{fd=3, events=POLLIN}], 1, -1 <unfinished ...>
[pid 212049] <... poll resumed>)        = 1 ([{fd=4, revents=POLLIN}])
[pid 212049] recvfrom(4, "\1\0\2\0\0\0\36\0002\0\v\21q:ping_out:212132\0\0\0"..., 131072, 0, NULL, NULL) = 38
[pid 212049] write(2, "id ", 3id )         = 3
[pid 212049] write(2, "0", 1 <unfinished ...>
0[pid 212132] <... poll resumed>)        = 1 ([{fd=3, revents=POLLIN}])
[pid 212049] <... write resumed>)       = 1
[pid 212132] recvfrom(3,  <unfinished ...>
[pid 212049] write(2, ": creating consumer: <", 22: creating consumer: < <unfinished ...>
[pid 212132] <... recvfrom resumed>"\1\0\2\0\0\0\4\0002\0\25\316", 131072, 0, NULL, NULL) = 12
[pid 212049] <... write resumed>)       = 22
[pid 212132] sendto(3, "\1\0\2\0\0\0\34\0002\0\n\0\0\20q:ping_in:212132\0\0"..., 36, MSG_NOSIGNAL, NULL, 0 <unfinished ...>
[pid 212049] write(2, "q:ping_out:212132", 17q:ping_out:212132 <unfinished ...>
[pid 212132] <... sendto resumed>)      = 36
[pid 212049] <... write resumed>)       = 17
[pid 212132] recvfrom(3,  <unfinished ...>
[pid 212049] write(2, ">", 1> <unfinished ...>
[pid 212132] <... recvfrom resumed>0x55b5fc1e6790, 131072, 0, NULL, NULL) = -1 EAGAIN (Ресурс временно недоступен)
[pid 212049] <... write resumed>)       = 1
[pid 212132] poll([{fd=3, events=POLLIN}], 1, -1 <unfinished ...>
[pid 212049] write(2, " in consumer_tag[", 17 in consumer_tag[) = 17
[pid 212049] write(2, "1", 11)           = 1
[pid 212049] write(2, "][", 2][)          = 2
[pid 212049] write(2, "1", 11)           = 1
[pid 212132] <... poll resumed>)        = 1 ([{fd=3, revents=POLLIN}])
[pid 212049] write(2, "]\n", 2]
 <unfinished ...>
[pid 212132] recvfrom(3,  <unfinished ...>
[pid 212049] <... write resumed>)       = 2
[pid 212132] <... recvfrom resumed>"\1\0\2\0\0\0\35\0002\0\v\20q:ping_in:212132\0\0\0\0"..., 131072, 0, NULL, NULL) = 37
[pid 212049] sendto(4, "\1\0\2\0\0\0\v\0<\0\n\0\0\0\0\0d\1\316", 19, MSG_NOSIGNAL, NULL, 0 <unfinished ...>
[pid 212132] write(2, "id ", 3 <unfinished ...>
[pid 212049] <... sendto resumed>)      = 19
id [pid 212132] <... write resumed>)       = 3
[pid 212049] recvfrom(4,  <unfinished ...>
[pid 212132] write(2, "1", 1 <unfinished ...>
1[pid 212049] <... recvfrom resumed>"\1\0\2\0\0\0\4\0<\0\v\316", 131072, 0, NULL, NULL) = 12
[pid 212132] <... write resumed>)       = 1
[pid 212049] sendto(4, "\1\0\2\0\0\0/\0<\0\24\0\0\21q:ping_out:212132\21"..., 55, MSG_NOSIGNAL, NULL, 0 <unfinished ...>
[pid 212132] write(2, ": creating consumer: <", 22: creating consumer: <) = 22
[pid 212049] <... sendto resumed>)      = 55
[pid 212132] write(2, "q:ping_in:212132", 16 <unfinished ...>
[pid 212049] recvfrom(4, q:ping_in:212132 <unfinished ...>
[pid 212132] <... write resumed>)       = 16
[pid 212049] <... recvfrom resumed>"\1\0\2\0\0\0\26\0<\0\25\21q:ping_out:212132\316", 131072, 0, NULL, NULL) = 30
[pid 212132] write(2, ">", 1>)           = 1
[pid 212049] sendto(4, "\1\0\3\0\0\0\5\0\24\0\n\0\316", 13, MSG_NOSIGNAL, NULL, 0 <unfinished ...>
[pid 212132] write(2, " in consumer_tag[", 17 <unfinished ...>
[pid 212049] <... sendto resumed>)      = 13
 in consumer_tag[[pid 212132] <... write resumed>)       = 17
[pid 212049] recvfrom(4,  <unfinished ...>
[pid 212132] write(2, "2", 1 <unfinished ...>
2[pid 212049] <... recvfrom resumed>"\1\0\3\0\0\0\10\0\24\0\v\0\0\0\0\316", 131072, 0, NULL, NULL) = 16
[pid 212132] <... write resumed>)       = 1
[pid 212132] write(2, "][", 2 <unfinished ...>
[pid 212049] brk(0x56238570f000][ <unfinished ...>
[pid 212132] <... write resumed>)       = 2
[pid 212049] <... brk resumed>)         = 0x56238570f000
[pid 212132] write(2, "1", 1 <unfinished ...>
1[pid 212049] sendto(4, "\1\0\3\0\0\0\5\0U\0\n\0\316", 13, MSG_NOSIGNAL, NULL, 0 <unfinished ...>
[pid 212132] <... write resumed>)       = 1
[pid 212132] write(2, "]\n", 2 <unfinished ...>
[pid 212049] <... sendto resumed>)      = 13
]
[pid 212132] <... write resumed>)       = 2
[pid 212049] recvfrom(4,  <unfinished ...>
[pid 212132] sendto(3, "\1\0\2\0\0\0\v\0<\0\n\0\0\0\0\0d\1\316", 19, MSG_NOSIGNAL, NULL, 0 <unfinished ...>
[pid 212049] <... recvfrom resumed>0x56238567ec50, 131072, 0, NULL, NULL) = -1 EAGAIN (Ресурс временно недоступен)
[pid 212132] <... sendto resumed>)      = 19
[pid 212049] poll([{fd=4, events=POLLIN}], 1, -1 <unfinished ...>
[pid 212132] recvfrom(3,  <unfinished ...>
[pid 212049] <... poll resumed>)        = 1 ([{fd=4, revents=POLLIN}])
[pid 212132] <... recvfrom resumed>0x55b5fc1e6790, 131072, 0, NULL, NULL) = -1 EAGAIN (Ресурс временно недоступен)
[pid 212132] poll([{fd=3, events=POLLIN}], 1, -1 <unfinished ...>
[pid 212049] recvfrom(4, "\1\0\3\0\0\0\4\0U\0\v\316", 131072, 0, NULL, NULL) = 12
[pid 212132] <... poll resumed>)        = 1 ([{fd=3, revents=POLLIN}])
[pid 212049] sendto(4, "\1\0\3\0\0\0\34\0002\0\n\0\0\20q:ping_in:212132\0\0"..., 36, MSG_NOSIGNAL, NULL, 0 <unfinished ...>
[pid 212132] recvfrom(3,  <unfinished ...>
[pid 212049] <... sendto resumed>)      = 36
[pid 212132] <... recvfrom resumed>"\1\0\2\0\0\0\4\0<\0\v\316", 131072, 0, NULL, NULL) = 12
[pid 212049] recvfrom(4,  <unfinished ...>
[pid 212132] sendto(3, "\1\0\2\0\0\0-\0<\0\24\0\0\20q:ping_in:212132\20q"..., 53, MSG_NOSIGNAL, NULL, 0 <unfinished ...>
[pid 212049] <... recvfrom resumed>0x56238567ec50, 131072, 0, NULL, NULL) = -1 EAGAIN (Ресурс временно недоступен)
[pid 212132] <... sendto resumed>)      = 53
[pid 212049] poll([{fd=4, events=POLLIN}], 1, -1 <unfinished ...>
[pid 212132] recvfrom(3, 0x55b5fc1e6790, 131072, 0, NULL, NULL) = -1 EAGAIN (Ресурс временно недоступен)
[pid 212049] <... poll resumed>)        = 1 ([{fd=4, revents=POLLIN}])
[pid 212132] poll([{fd=3, events=POLLIN}], 1, -1 <unfinished ...>
[pid 212049] recvfrom(4,  <unfinished ...>
[pid 212132] <... poll resumed>)        = 1 ([{fd=3, revents=POLLIN}])
[pid 212049] <... recvfrom resumed>"\1\0\3\0\0\0\35\0002\0\v\20q:ping_in:212132\0\0\0\0"..., 131072, 0, NULL, NULL) = 37
[pid 212132] recvfrom(3, "\1\0\2\0\0\0\25\0<\0\25\20q:ping_in:212132\316", 131072, 0, NULL, NULL) = 29
[pid 212049] sendto(4, "\1\0\3\0\0\0004\0002\0\24\0\0\20q:ping_in:212132\10e"..., 60, MSG_NOSIGNAL, NULL, 0 <unfinished ...>
[pid 212132] sendto(3, "\1\0\3\0\0\0\5\0\24\0\n\0\316", 13, MSG_NOSIGNAL, NULL, 0 <unfinished ...>
[pid 212049] <... sendto resumed>)      = 60
[pid 212132] <... sendto resumed>)      = 13
[pid 212049] recvfrom(4,  <unfinished ...>
[pid 212132] recvfrom(3,  <unfinished ...>
[pid 212049] <... recvfrom resumed>"\1\0\3\0\0\0\4\0002\0\25\316", 131072, 0, NULL, NULL) = 12
[pid 212132] <... recvfrom resumed>0x55b5fc1e6790, 131072, 0, NULL, NULL) = -1 EAGAIN (Ресурс временно недоступен)
[pid 212132] poll([{fd=3, events=POLLIN}], 1, -1 <unfinished ...>
[pid 212049] write(2, "id ", 3id )         = 3
[pid 212132] <... poll resumed>)        = 1 ([{fd=3, revents=POLLIN}])
[pid 212132] recvfrom(3,  <unfinished ...>
[pid 212049] write(2, "0", 10 <unfinished ...>
[pid 212132] <... recvfrom resumed>"\1\0\3\0\0\0\10\0\24\0\v\0\0\0\0\316", 131072, 0, NULL, NULL) = 16
[pid 212049] <... write resumed>)       = 1
[pid 212132] mmap(NULL, 135168, PROT_READ|PROT_WRITE, MAP_PRIVATE|MAP_ANONYMOUS, -1, 0 <unfinished ...>
[pid 212049] write(2, ": sending message to id ", 24: sending message to id  <unfinished ...>
[pid 212132] <... mmap resumed>)        = 0x7f050280b000
[pid 212049] <... write resumed>)       = 24
[pid 212132] sendto(3, "\1\0\3\0\0\0\5\0U\0\n\0\316", 13, MSG_NOSIGNAL, NULL, 0 <unfinished ...>
[pid 212049] write(2, "1", 11)           = 1
[pid 212132] <... sendto resumed>)      = 13
[pid 212049] write(2, ":\"", 2:" <unfinished ...>
[pid 212132] recvfrom(3,  <unfinished ...>
[pid 212049] <... write resumed>)       = 2
[pid 212132] <... recvfrom resumed>0x55b5fc1e6790, 131072, 0, NULL, NULL) = -1 EAGAIN (Ресурс временно недоступен)
[pid 212049] write(2, "0 0", 30 0 <unfinished ...>
[pid 212132] poll([{fd=3, events=POLLIN}], 1, -1 <unfinished ...>
[pid 212049] <... write resumed>)       = 3
[pid 212132] <... poll resumed>)        = 1 ([{fd=3, revents=POLLIN}])
[pid 212132] recvfrom(3, "\1\0\3\0\0\0\4\0U\0\v\316", 131072, 0, NULL, NULL) = 12
[pid 212132] sendto(3, "\1\0\3\0\0\0\35\0002\0\n\0\0\21q:ping_out:212132\0"..., 37, MSG_NOSIGNAL, NULL, 0) = 37
[pid 212132] recvfrom(3, 0x55b5fc1e6790, 131072, 0, NULL, NULL) = -1 EAGAIN (Ресурс временно недоступен)
[pid 212132] poll([{fd=3, events=POLLIN}], 1, -1 <unfinished ...>
[pid 212049] write(2, "\"\n", 2"
)        = 2
[pid 212132] <... poll resumed>)        = 1 ([{fd=3, revents=POLLIN}])
[pid 212049] sendto(4, "\1\0\3\0\0\0\32\0<\0(\0\0\10e:212132\tin:212132"..., 34, MSG_NOSIGNAL|MSG_MORE, NULL, 0 <unfinished ...>
[pid 212132] recvfrom(3, "\1\0\3\0\0\0\36\0002\0\v\21q:ping_out:212132\0\0\0"..., 131072, 0, NULL, NULL) = 38
[pid 212049] <... sendto resumed>)      = 34
[pid 212132] sendto(3, "\1\0\3\0\0\0006\0002\0\24\0\0\21q:ping_out:212132\10"..., 62, MSG_NOSIGNAL, NULL, 0 <unfinished ...>
[pid 212049] sendto(4, "\2\0\3\0\0\0\16\0<\0\0\0\0\0\0\0\0\0\3\0\0\316", 22, MSG_NOSIGNAL|MSG_MORE, NULL, 0 <unfinished ...>
[pid 212132] <... sendto resumed>)      = 62
[pid 212049] <... sendto resumed>)      = 22
[pid 212132] recvfrom(3,  <unfinished ...>
[pid 212049] sendto(4, "\3\0\3\0\0\0\0030 0\316", 11, MSG_NOSIGNAL, NULL, 0 <unfinished ...>
[pid 212132] <... recvfrom resumed>"\1\0\3\0\0\0\4\0002\0\25\316", 131072, 0, NULL, NULL) = 12
[pid 212049] <... sendto resumed>)      = 11
[pid 212132] write(2, "id ", 3id  <unfinished ...>
[pid 212049] recvfrom(4,  <unfinished ...>
[pid 212132] <... write resumed>)       = 3
[pid 212049] <... recvfrom resumed>0x56238567ec50, 131072, 0, NULL, NULL) = -1 EAGAIN (Ресурс временно недоступен)
[pid 212132] write(2, "1", 11)           = 1
[pid 212049] poll([{fd=4, events=POLLIN}], 1, -1 <unfinished ...>
[pid 212132] write(2, ": consumers", 11: consumers) = 11
[pid 212132] write(2, " id ", 4 id )        = 4
[pid 212132] write(2, "1", 11)           = 1
[pid 212049] <... poll resumed>)        = 1 ([{fd=4, revents=POLLIN}])
[pid 212132] write(2, ": <", 3 <unfinished ...>
[pid 212049] recvfrom(4, : < <unfinished ...>
[pid 212132] <... write resumed>)       = 3
[pid 212049] <... recvfrom resumed>"\1\0\3\0\0\0\r\0<\0P\0\0\0\0\0\0\0\1\0\316", 131072, 0, NULL, NULL) = 21
[pid 212132] write(2, "q:in:212132", 11q:in:212132) = 11
[pid 212049] write(2, "id ", 3id  <unfinished ...>
[pid 212132] write(2, ">", 1 <unfinished ...>
[pid 212049] <... write resumed>)       = 3
>[pid 212049] write(2, "0", 1 <unfinished ...>
[pid 212132] <... write resumed>)       = 1
0[pid 212132] write(2, "\n", 1 <unfinished ...>
[pid 212049] <... write resumed>)       = 1

[pid 212132] <... write resumed>)       = 1
[pid 212049] write(2, ": sending message to id ", 24: sending message to id ) = 24
[pid 212132] recvfrom(3,  <unfinished ...>
[pid 212049] write(2, "-1", 2-1 <unfinished ...>
[pid 212132] <... recvfrom resumed>"\1\0\1\0\0\0,\0<\0<\vq:in:212132\0\0\0\0\0\0\0\1\0"..., 131072, 0, NULL, NULL) = 85
[pid 212049] <... write resumed>)       = 2
[pid 212049] write(2, ":\"", 2:" <unfinished ...>
[pid 212132] sendto(3, "\1\0\1\0\0\0\r\0<\0P\0\0\0\0\0\0\0\1\0\316", 21, MSG_NOSIGNAL, NULL, 0 <unfinished ...>
[pid 212049] <... write resumed>)       = 2
[pid 212049] write(2, "6 1 0 1 212132 0", 16 <unfinished ...>
[pid 212132] <... sendto resumed>)      = 21
6 1 0 1 212132 0[pid 212132] write(2, "id ", 3 <unfinished ...>
[pid 212049] <... write resumed>)       = 16
id [pid 212132] <... write resumed>)       = 3
[pid 212049] write(2, "\"\n", 2"
 <unfinished ...>
[pid 212132] write(2, "1", 1 <unfinished ...>
[pid 212049] <... write resumed>)       = 2
1[pid 212132] <... write resumed>)       = 1
[pid 212049] write(2, "id ", 3id  <unfinished ...>
[pid 212132] write(2, ": consumers", 11 <unfinished ...>
[pid 212049] <... write resumed>)       = 3
: consumers[pid 212132] <... write resumed>)       = 11
[pid 212049] write(2, "0", 10 <unfinished ...>
[pid 212132] write(2, " id ", 4 <unfinished ...>
[pid 212049] <... write resumed>)       = 1
 id [pid 212049] write(2, ": sending message to id ", 24 <unfinished ...>
[pid 212132] <... write resumed>)       = 4
: sending message to id [pid 212132] write(2, "1", 1 <unfinished ...>
[pid 212049] <... write resumed>)       = 24
1[pid 212132] <... write resumed>)       = 1
[pid 212049] write(2, "-1", 2-1)          = 2
[pid 212132] write(2, ": <", 3: <)         = 3
[pid 212049] write(2, ":\"", 2:" <unfinished ...>
[pid 212132] write(2, "q:in:212132", 11 <unfinished ...>
[pid 212049] <... write resumed>)       = 2
q:in:212132[pid 212132] <... write resumed>)       = 11
[pid 212049] write(2, "7 0", 37 0 <unfinished ...>
[pid 212132] write(2, ">", 1 <unfinished ...>
[pid 212049] <... write resumed>)       = 3
>[pid 212132] <... write resumed>)       = 1
[pid 212049] write(2, "\"\n", 2"
 <unfinished ...>
[pid 212132] write(2, " id ", 4 <unfinished ...>
[pid 212049] <... write resumed>)       = 2
 id [pid 212132] <... write resumed>)       = 4
[pid 212049] sendto(4, "\1\0\3\0\0\0 \0<\0(\0\0\10e:212132\17ping_out:"..., 40, MSG_NOSIGNAL|MSG_MORE, NULL, 0 <unfinished ...>
[pid 212132] write(2, "1", 11)           = 1
[pid 212049] <... sendto resumed>)      = 40
[pid 212132] write(2, ": <", 3 <unfinished ...>
[pid 212049] sendto(4, "\2\0\3\0\0\0\16\0<\0\0\0\0\0\0\0\0\0\3\0\0\316", 22, MSG_NOSIGNAL|MSG_MORE, NULL, 0: < <unfinished ...>
[pid 212132] <... write resumed>)       = 3
[pid 212049] <... sendto resumed>)      = 22
[pid 212132] write(2, "q:ping_in:212132", 16 <unfinished ...>
[pid 212049] sendto(4, "\3\0\3\0\0\0\0037 0\316", 11, MSG_NOSIGNAL, NULL, 0q:ping_in:212132 <unfinished ...>
[pid 212132] <... write resumed>)       = 16
[pid 212132] write(2, ">", 1 <unfinished ...>
[pid 212049] <... sendto resumed>)      = 11
>[pid 212132] <... write resumed>)       = 1
[pid 212049] recvfrom(4,  <unfinished ...>
[pid 212132] write(2, "\n", 1 <unfinished ...>
[pid 212049] <... recvfrom resumed>"\1\0\3\0\0\0\r\0<\0P\0\0\0\0\0\0\0\2\0\316", 131072, 0, NULL, NULL) = 21

[pid 212049] write(2, "id ", 3 <unfinished ...>
[pid 212132] <... write resumed>)       = 1
id [pid 212132] recvfrom(3,  <unfinished ...>
[pid 212049] <... write resumed>)       = 3
[pid 212132] <... recvfrom resumed>0x55b5fc1e6790, 131072, 0, NULL, NULL) = -1 EAGAIN (Ресурс временно недоступен)
[pid 212049] write(2, "0", 10 <unfinished ...>
[pid 212132] poll([{fd=3, events=POLLIN}], 1, -1 <unfinished ...>
[pid 212049] <... write resumed>)       = 1
[pid 212049] write(2, ": consumers", 11: consumers) = 11
[pid 212049] write(2, " id ", 4 id )        = 4
[pid 212049] write(2, "0", 10)           = 1
[pid 212049] write(2, ": <", 3: <)         = 3
[pid 212049] write(2, "q:ping_in:212049", 16q:ping_in:212049) = 16
[pid 212048] <... poll resumed>)        = 0 (Timeout)
[pid 212049] write(2, ">", 1> <unfinished ...>
[pid 212048] recvfrom(3,  <unfinished ...>
[pid 212049] <... write resumed>)       = 1
[pid 212048] <... recvfrom resumed>0x55ebeb036790, 131072, 0, NULL, NULL) = -1 EAGAIN (Ресурс временно недоступен)
[pid 212049] write(2, "\n", 1
 <unfinished ...>
[pid 212048] poll([{fd=3, events=POLLIN}], 1, 99 <unfinished ...>
[pid 212049] <... write resumed>)       = 1
[pid 212049] futex(0x7f88624581f0, FUTEX_WAKE_PRIVATE, 2147483647) = 0
[pid 212049] write(2, "id ", 3id )         = 3
[pid 212049] write(2, "0", 10)           = 1
[pid 212049] write(2, ": ", 2: )          = 2
[pid 212049] write(2, "The specified consumer tag is un"..., 37The specified consumer tag is unknown) = 37
[pid 212049] write(2, "\n", 1
)          = 1
[pid 212049] sendto(4, "\1\0\3\0\0\0 \0<\0(\0\0\10e:212132\17ping_out:"..., 40, MSG_NOSIGNAL|MSG_MORE, NULL, 0) = 40
[pid 212049] sendto(4, "\2\0\3\0\0\0\16\0<\0\0\0\0\0\0\0\0\0\10\0\0\316", 22, MSG_NOSIGNAL|MSG_MORE, NULL, 0) = 22
[pid 212049] sendto(4, "\3\0\3\0\0\0\0105 0 0 -1\316", 16, MSG_NOSIGNAL, NULL, 0) = 16
[pid 212049] recvfrom(4, "\1\0\3\0\0\0\r\0<\0P\0\0\0\0\0\0\0\3\0\316", 131072, 0, NULL, NULL) = 21
[pid 212049] write(2, "id ", 3id )         = 3
[pid 212049] write(2, "0", 10)           = 1
[pid 212049] write(2, ": ", 2: )          = 2
[pid 212049] write(2, "The specified consumer tag is un"..., 37The specified consumer tag is unknown) = 37
[pid 212049] write(2, "\n", 1
)          = 1
[pid 212049] write(2, "worker ", 7worker )     = 7
[pid 212049] write(2, "212049", 6212049)      = 6
[pid 212049] write(2, ": got message: ", 15: got message: ) = 15
[pid 212049] write(2, "1 1 212132", 101 1 212132) = 10
[pid 212049] write(2, "\n", 1
)          = 1
[pid 212049] write(2, "worker ", 7worker )     = 7
[pid 212049] write(2, "212049", 6212049)      = 6
[pid 212049] write(2, ": and it's to id = ", 19: and it's to id = ) = 19
[pid 212049] write(2, "1", 11)           = 1
[pid 212049] write(2, "\n", 1
)          = 1
[pid 212049] write(2, "and I'm sending it to this id", 29and I'm sending it to this id) = 29
[pid 212049] write(2, "\n", 1
)          = 1
[pid 212049] write(2, "id ", 3id )         = 3
[pid 212049] write(2, "0", 10)           = 1
[pid 212049] write(2, ": sending message to id ", 24: sending message to id ) = 24
[pid 212049] write(2, "1", 11)           = 1
[pid 212049] write(2, ":\"", 2:")         = 2
[pid 212049] write(2, "1 1 212132", 101 1 212132) = 10
[pid 212049] write(2, "\"\n", 2"
)        = 2
[pid 212049] write(2, "id ", 3id )         = 3
[pid 212049] write(2, "0", 10)           = 1
[pid 212049] write(2, ": sending message to id ", 24: sending message to id ) = 24
[pid 212049] write(2, "1", 11)           = 1
[pid 212049] write(2, ":\"", 2:")         = 2
[pid 212049] write(2, "7 0", 37 0)         = 3
[pid 212049] write(2, "\"\n", 2"
)        = 2
[pid 212049] sendto(4, "\1\0\3\0\0\0\37\0<\0(\0\0\10e:212132\16ping_in:2"..., 39, MSG_NOSIGNAL|MSG_MORE, NULL, 0) = 39
[pid 212049] sendto(4, "\2\0\3\0\0\0\16\0<\0\0\0\0\0\0\0\0\0\3\0\0\316", 22, MSG_NOSIGNAL|MSG_MORE, NULL, 0) = 22
[pid 212049] sendto(4, "\3\0\3\0\0\0\0037 0\316", 11, MSG_NOSIGNAL, NULL, 0 <unfinished ...>
[pid 212132] <... poll resumed>)        = 1 ([{fd=3, revents=POLLIN}])
[pid 212049] <... sendto resumed>)      = 11
[pid 212132] recvfrom(3,  <unfinished ...>
[pid 212049] recvfrom(4,  <unfinished ...>
[pid 212132] <... recvfrom resumed>"\1\0\2\0\0\0006\0<\0<\20q:ping_in:212132\0\0\0\0"..., 131072, 0, NULL, NULL) = 95
[pid 212049] <... recvfrom resumed>"\1\0\3\0\0\0\r\0<\0P\0\0\0\0\0\0\0\4\0\316", 131072, 0, NULL, NULL) = 21
[pid 212132] sendto(3, "\1\0\2\0\0\0\r\0<\0P\0\0\0\0\0\0\0\1\0\316", 21, MSG_NOSIGNAL, NULL, 0 <unfinished ...>
[pid 212049] recvfrom(4,  <unfinished ...>
[pid 212132] <... sendto resumed>)      = 21
[pid 212049] <... recvfrom resumed>0x56238567ec50, 131072, 0, NULL, NULL) = -1 EAGAIN (Ресурс временно недоступен)
[pid 212132] write(2, "worker ", 7 <unfinished ...>
[pid 212049] poll([{fd=4, events=POLLIN}], 1, 99worker  <unfinished ...>
[pid 212132] <... write resumed>)       = 7
[pid 212132] write(2, "212132", 6212132)      = 6
[pid 212132] write(2, ": got message: ", 15: got message: ) = 15
[pid 212132] write(2, "7 0", 37 0)         = 3
[pid 212132] write(2, "\n", 1
)          = 1
[pid 212132] write(2, "worker ", 7worker )     = 7
[pid 212132] write(2, "212132", 6212132)      = 6
[pid 212132] write(2, ": and it is an instant ping", 27: and it is an instant ping) = 27
[pid 212132] write(2, "\n", 1
)          = 1
[pid 212132] write(2, "id ", 3id )         = 3
[pid 212132] write(2, "1", 11)           = 1
[pid 212132] write(2, ": sending message to id ", 24: sending message to id ) = 24
[pid 212132] write(2, "0", 10)           = 1
[pid 212132] write(2, ":\"", 2:")         = 2
[pid 212132] write(2, "8 0", 38 0)         = 3
[pid 212132] write(2, "\"\n", 2"
)        = 2
[pid 212132] sendto(3, "\1\0\3\0\0\0 \0<\0(\0\0\10e:212132\17ping_out:"..., 40, MSG_NOSIGNAL|MSG_MORE, NULL, 0) = 40
[pid 212132] sendto(3, "\2\0\3\0\0\0\16\0<\0\0\0\0\0\0\0\0\0\3\0\0\316", 22, MSG_NOSIGNAL|MSG_MORE, NULL, 0) = 22
[pid 212132] sendto(3, "\3\0\3\0\0\0\38 0\316", 11, MSG_NOSIGNAL, NULL, 0) = 11
[pid 212049] <... poll resumed>)        = 1 ([{fd=4, revents=POLLIN}])
[pid 212132] recvfrom(3, "\1\0\3\0\0\0\r\0<\0P\0\0\0\0\0\0\0\1\0\316", 131072, 0, NULL, NULL) = 21
[pid 212049] recvfrom(4,  <unfinished ...>
[pid 212132] write(2, "id ", 3 <unfinished ...>
id [pid 212049] <... recvfrom resumed>"\1\0\2\0\0\08\0<\0<\21q:ping_out:212132\0\0\0"..., 131072, 0, NULL, NULL) = 97
[pid 212132] <... write resumed>)       = 3
[pid 212132] write(2, "1", 1 <unfinished ...>
[pid 212049] sendto(4, "\1\0\2\0\0\0\r\0<\0P\0\0\0\0\0\0\0\1\0\316", 21, MSG_NOSIGNAL, NULL, 01 <unfinished ...>
[pid 212132] <... write resumed>)       = 1
[pid 212132] write(2, ": consumers", 11 <unfinished ...>
[pid 212049] <... sendto resumed>)      = 21
: consumers[pid 212132] <... write resumed>)       = 11
[pid 212049] sendto(4, "\1\0\3\0\0\0\32\0<\0(\0\0\10e:212132\tin:212132"..., 34, MSG_NOSIGNAL|MSG_MORE, NULL, 0 <unfinished ...>
[pid 212132] write(2, " id ", 4 <unfinished ...>
[pid 212049] <... sendto resumed>)      = 34
 id [pid 212132] <... write resumed>)       = 4
[pid 212049] sendto(4, "\2\0\3\0\0\0\16\0<\0\0\0\0\0\0\0\0\0\n\0\0\316", 22, MSG_NOSIGNAL|MSG_MORE, NULL, 0 <unfinished ...>
[pid 212132] write(2, "1", 1 <unfinished ...>
[pid 212049] <... sendto resumed>)      = 22
1[pid 212132] <... write resumed>)       = 1
[pid 212049] sendto(4, "\3\0\3\0\0\0\n1 1 212132\316", 18, MSG_NOSIGNAL, NULL, 0 <unfinished ...>
[pid 212132] write(2, ": <", 3 <unfinished ...>
: <[pid 212049] <... sendto resumed>)      = 18
[pid 212132] <... write resumed>)       = 3
[pid 212132] write(2, "q:in:212132", 11 <unfinished ...>
[pid 212049] recvfrom(4, q:in:212132 <unfinished ...>
[pid 212132] <... write resumed>)       = 11
